src/currency/services/currency-engine.service.spec.ts(20,56): error TS2345: Argument of type '{ id: string; rate: number; }' is not assignable to parameter of type 'never'.
views/LiveStream.tsx(10,32): error TS2307: Cannot find module 'https://esm.sh/agora-rtc-sdk-ng' or its corresponding type declarations.
views/VendorLiveSaleSetup.tsx(10,32): error TS2307: Cannot find module 'https://esm.sh/agora-rtc-sdk-ng' or its corresponding type declarations.
